--- 2026-04-01 12:34:43 ---
Updated image paths in HTML files:
  C:\Users\chens\Desktop\programmes\Colin-CCC.github.io\subpages\products\microwave\microwave_subpages\2022W_GMI_103116z.html
  C:\Users\chens\Desktop\programmes\Colin-CCC.github.io\subpages\products\microwave\microwave_subpages\2212W_AMSR2_083004z.html
  C:\Users\chens\Desktop\programmes\Colin-CCC.github.io\subpages\products\microwave\microwave_subpages\2212W_GMI_083013z.html
  C:\Users\chens\Desktop\programmes\Colin-CCC.github.io\subpages\products\microwave\microwave_subpages\2508L_AMSR2_092817z.html
  C:\Users\chens\Desktop\programmes\Colin-CCC.github.io\subpages\products\microwave\microwave_subpages\2508L_AMSR2_092905z.html
  C:\Users\chens\Desktop\programmes\Colin-CCC.github.io\subpages\products\microwave\microwave_subpages\2508L_GMI_092721z.html
  C:\Users\chens\Desktop\programmes\Colin-CCC.github.io\subpages\products\microwave\microwave_subpages\2513L_AMSR2_102618z.html
  C:\Users\chens\Desktop\programmes\Colin-CCC.github.io\subpages\products\microwave\microwave_subpages\2513L_AMSR2_102718z.html
  C:\Users\chens\Desktop\programmes\Colin-CCC.github.io\subpages\products\microwave\microwave_subpages\2513L_AMSR2_102806z.html
  C:\Users\chens\Desktop\programmes\Colin-CCC.github.io\subpages\products\microwave\microwave_subpages\2513L_GMI_102714z.html
  C:\Users\chens\Desktop\programmes\Colin-CCC.github.io\subpages\products\microwave\microwave_subpages\2525W_AMSR2_092814z.html
  C:\Users\chens\Desktop\programmes\Colin-CCC.github.io\subpages\products\microwave\microwave_subpages\2532W_AMSR2_110905z.html
  C:\Users\chens\Desktop\programmes\Colin-CCC.github.io\subpages\products\microwave\microwave_subpages\2605S_AMSR2_112216z.html
  C:\Users\chens\Desktop\programmes\Colin-CCC.github.io\subpages\products\microwave\microwave_subpages\2605S_AMSR2_112305z.html
  C:\Users\chens\Desktop\programmes\Colin-CCC.github.io\subpages\products\microwave\microwave_subpages\2605S_GMI_112318z.html
  C:\Users\chens\Desktop\programmes\Colin-CCC.github.io\subpages\products\microwave\microwave_subpages\2607S_AMSR2_121318z.html
  C:\Users\chens\Desktop\programmes\Colin-CCC.github.io\subpages\products\microwave\microwave_subpages\2607S_GMI_121700z.html
  C:\Users\chens\Desktop\programmes\Colin-CCC.github.io\subpages\products\microwave\microwave_subpages\2609S_AMSR2_122306z.html
  C:\Users\chens\Desktop\programmes\Colin-CCC.github.io\subpages\products\microwave\microwave_subpages\2609S_AMSR2_122819z.html
  C:\Users\chens\Desktop\programmes\Colin-CCC.github.io\subpages\products\microwave\microwave_subpages\2609S_AMSR2_122908z.html
  C:\Users\chens\Desktop\programmes\Colin-CCC.github.io\subpages\products\microwave\microwave_subpages\2609S_AMSR2_122920z.html
  C:\Users\chens\Desktop\programmes\Colin-CCC.github.io\subpages\products\microwave\microwave_subpages\2609S_AMSR2_123008z.html
  C:\Users\chens\Desktop\programmes\Colin-CCC.github.io\subpages\products\microwave\microwave_subpages\2609S_GMI_122811z.html
  C:\Users\chens\Desktop\programmes\Colin-CCC.github.io\subpages\products\microwave\microwave_subpages\2609S_GMI_122921z.html
  C:\Users\chens\Desktop\programmes\Colin-CCC.github.io\subpages\products\microwave\microwave_subpages\2609S_GMI_123011z.html
  C:\Users\chens\Desktop\programmes\Colin-CCC.github.io\subpages\products\microwave\microwave_subpages\2610S_AMSR2_122917z.html
  C:\Users\chens\Desktop\programmes\Colin-CCC.github.io\subpages\products\microwave\microwave_subpages\2614S_AMSR2_011208z.html
  C:\Users\chens\Desktop\programmes\Colin-CCC.github.io\subpages\products\microwave\microwave_subpages\2614S_AMSR2_011308z.html
  C:\Users\chens\Desktop\programmes\Colin-CCC.github.io\subpages\products\microwave\microwave_subpages\2614S_GMI_011517z.html
  C:\Users\chens\Desktop\programmes\Colin-CCC.github.io\subpages\products\microwave\microwave_subpages\2619S_AMSR2_013022z.html
  C:\Users\chens\Desktop\programmes\Colin-CCC.github.io\subpages\products\microwave\microwave_subpages\2620S_AMSR2_020705z.html
  C:\Users\chens\Desktop\programmes\Colin-CCC.github.io\subpages\products\microwave\microwave_subpages\2620S_GMI_020708z.html
  C:\Users\chens\Desktop\programmes\Colin-CCC.github.io\subpages\products\microwave\microwave_subpages\2621S_AMSR2_021322z.html
  C:\Users\chens\Desktop\programmes\Colin-CCC.github.io\subpages\products\microwave\microwave_subpages\2621S_AMSR2_021423z.html
  C:\Users\chens\Desktop\programmes\Colin-CCC.github.io\subpages\products\microwave\microwave_subpages\2621S_GMI_021000z.html
  C:\Users\chens\Desktop\programmes\Colin-CCC.github.io\subpages\products\microwave\microwave_subpages\2621S_GMI_021401z.html
  C:\Users\chens\Desktop\programmes\Colin-CCC.github.io\subpages\products\microwave\microwave_subpages\2622S_AMSR2_022308z.html
  C:\Users\chens\Desktop\programmes\Colin-CCC.github.io\subpages\products\microwave\microwave_subpages\2622S_AMSR2_022321z.html
  C:\Users\chens\Desktop\programmes\Colin-CCC.github.io\subpages\products\microwave\microwave_subpages\2622S_GMI_022319z.html
  C:\Users\chens\Desktop\programmes\Colin-CCC.github.io\subpages\products\microwave\microwave_subpages\2627P_AMSR2_031915z.html
  C:\Users\chens\Desktop\programmes\Colin-CCC.github.io\subpages\products\microwave\microwave_subpages\2627P_AMSR2_032606z.html
  C:\Users\chens\Desktop\programmes\Colin-CCC.github.io\subpages\products\microwave\microwave_subpages\2627P_AMSR2_032617z.html
  C:\Users\chens\Desktop\programmes\Colin-CCC.github.io\subpages\products\microwave\microwave_subpages\2627P_GMI_031818z.html
  C:\Users\chens\Desktop\programmes\Colin-CCC.github.io\subpages\products\microwave\microwave_subpages\2627P_GMI_032607z.html

